// Jest Snapshot v1, https://goo.gl/fbAQLP

exports[`config getBrowsersList: browserslist 1`] = `
[
  "and_chr 135",
  "android 135",
  "chrome 135",
  "chrome 134",
  "chrome 133",
  "chrome 131",
  "edge 135",
  "edge 134",
  "edge 133",
  "firefox 137",
  "firefox 136",
  "ios_saf 18.4",
  "ios_saf 18.3",
  "op_mob 80",
  "opera 117",
  "opera 116",
  "safari 18.4",
  "safari 18.3",
  "samsung 27",
]
`;

exports[`config getBrowsersList: expectedBrowsers 1`] = `
[
  "> 1%",
  "last 1 Android versions",
  "last 1 ChromeAndroid versions",
  "last 2 Chrome versions",
  "last 2 Firefox versions",
  "last 2 Safari versions",
  "last 2 iOS versions",
  "last 2 Edge versions",
  "last 2 Opera versions",
]
`;
