// Jest Snapshot v1, https://goo.gl/fbAQLP

exports[`config getBrowsersList: browserslist 1`] = `
[
  "and_chr 117",
  "android 117",
  "chrome 118",
  "chrome 117",
  "chrome 116",
  "chrome 115",
  "chrome 109",
  "edge 118",
  "edge 117",
  "edge 116",
  "firefox 118",
  "firefox 117",
  "ios_saf 17.0",
  "ios_saf 16.6",
  "ios_saf 15.6-15.7",
  "opera 103",
  "opera 102",
  "safari 17.0",
  "safari 16.6",
  "samsung 22",
]
`;

exports[`config getBrowsersList: expectedBrowsers 1`] = `
[
  "> 1%",
  "last 1 Android versions",
  "last 1 ChromeAndroid versions",
  "last 2 Chrome versions",
  "last 2 Firefox versions",
  "last 2 Safari versions",
  "last 2 iOS versions",
  "last 2 Edge versions",
  "last 2 Opera versions",
  "not op_mini all",
]
`;
