// Jest Snapshot v1, https://goo.gl/fbAQLP

exports[`config getBrowsersList: browserslist 1`] = `
[
  "and_chr 123",
  "android 123",
  "chrome 123",
  "chrome 122",
  "chrome 121",
  "chrome 109",
  "edge 123",
  "edge 122",
  "firefox 124",
  "firefox 123",
  "ios_saf 17.4",
  "ios_saf 17.3",
  "ios_saf 16.6-16.7",
  "op_mob 80",
  "opera 109",
  "opera 108",
  "safari 17.4",
  "safari 17.3",
  "samsung 24",
  "samsung 23",
]
`;

exports[`config getBrowsersList: expectedBrowsers 1`] = `
[
  "> 1%",
  "last 1 Android versions",
  "last 1 ChromeAndroid versions",
  "last 2 Chrome versions",
  "last 2 Firefox versions",
  "last 2 Safari versions",
  "last 2 iOS versions",
  "last 2 Edge versions",
  "last 2 Opera versions",
  "not op_mini all",
]
`;
