// Jest Snapshot v1, https://goo.gl/fbAQLP

exports[`postcss.js PostCSS config: develop 1`] = `
{
  "min": {
    "files": {},
    "options": {
      "map": false,
      "parser": {
        "parse": [Function],
        "stringify": [Function],
      },
      "processors": [
        {
          "Once": [Function],
          "postcssPlugin": "postcss-import",
        },
        [Function],
        [Function],
        {
          "plugins": [
            {
              "Declaration": [Function],
              "postcssPlugin": "postcss-clamp",
            },
            {
              "Declaration": [Function],
              "postcssPlugin": "postcss-color-function",
            },
            {
              "postcssPlugin": "postcss-normalize-display-values",
              "prepare": [Function],
            },
            {
              "AtRule": [Function],
              "postcssPlugin": "postcss-font-format-keywords",
            },
            {
              "Declaration": [Function],
              "postcssPlugin": "postcss-ic-unit",
            },
            {
              "Declaration": [Function],
              "postcssPlugin": "postcss-nested-calc",
            },
            {
              "Declaration": [Function],
              "postcssPlugin": "postcss-oklab-function",
            },
            {
              "Declaration": {
                "opacity": [Function],
              },
              "postcssPlugin": "postcss-opacity-percentage",
            },
            {
              "postcssPlugin": "postcss-text-decoration-shorthand",
              "prepare": [Function],
            },
            {
              "Declaration": [Function],
              "postcssPlugin": "postcss-unset-value",
            },
            {
              "AtRule": [Function],
              "Once": [Function],
              "postcssPlugin": "postcss-custom-media",
            },
            {
              "postcssPlugin": "postcss-custom-properties",
              "prepare": [Function],
            },
            {
              "Declaration": [Function],
              "postcssPlugin": "postcss-image-set-function",
            },
            {
              "AtRule": {
                "custom-media": [Function],
                "media": [Function],
              },
              "postcssPlugin": "postcss-media-minmax",
            },
            {
              "AtRule": [Function],
              "postcssPlugin": "postcss-prefers-color-scheme",
            },
            {
              "Rule": [Function],
              "postcssPlugin": "postcss-nesting",
            },
            {
              "Rule": [Function],
              "postcssPlugin": "postcss-pseudo-class-any-link",
            },
            {
              "Rule": [Function],
              "postcssPlugin": "postcss-attribute-case-insensitive",
            },
            {
              "Rule": [Function],
              "postcssPlugin": "postcss-focus-visible",
            },
            {
              "Rule": [Function],
              "postcssPlugin": "postcss-focus-within",
            },
            {
              "Rule": [Function],
              "postcssPlugin": "postcss-selector-not",
            },
            {
              "Declaration": {
                "block-size": [Function],
                "border-block": [Function],
                "border-block-color": [Function],
                "border-block-end": [Function],
                "border-block-end-color": [Function],
                "border-block-end-style": [Function],
                "border-block-end-width": [Function],
                "border-block-start": [Function],
                "border-block-start-color": [Function],
                "border-block-start-style": [Function],
                "border-block-start-width": [Function],
                "border-block-style": [Function],
                "border-block-width": [Function],
                "border-color": [Function],
                "border-end-end-radius": [Function],
                "border-end-start-radius": [Function],
                "border-inline": [Function],
                "border-inline-color": [Function],
                "border-inline-end": [Function],
                "border-inline-end-color": [Function],
                "border-inline-end-style": [Function],
                "border-inline-end-width": [Function],
                "border-inline-start": [Function],
                "border-inline-start-color": [Function],
                "border-inline-start-style": [Function],
                "border-inline-start-width": [Function],
                "border-inline-style": [Function],
                "border-inline-width": [Function],
                "border-start-end-radius": [Function],
                "border-start-start-radius": [Function],
                "border-style": [Function],
                "border-width": [Function],
                "clear": [Function],
                "float": [Function],
                "inline-size": [Function],
                "inset": [Function],
                "inset-block": [Function],
                "inset-block-end": [Function],
                "inset-block-start": [Function],
                "inset-inline": [Function],
                "inset-inline-end": [Function],
                "inset-inline-start": [Function],
                "margin": [Function],
                "margin-block": [Function],
                "margin-block-end": [Function],
                "margin-block-start": [Function],
                "margin-inline": [Function],
                "margin-inline-end": [Function],
                "margin-inline-start": [Function],
                "max-block-size": [Function],
                "max-inline-size": [Function],
                "min-block-size": [Function],
                "min-inline-size": [Function],
                "padding": [Function],
                "padding-block": [Function],
                "padding-block-end": [Function],
                "padding-block-start": [Function],
                "padding-inline": [Function],
                "padding-inline-end": [Function],
                "padding-inline-start": [Function],
                "resize": [Function],
                "text-align": [Function],
                "transition": [Function],
                "transition-property": [Function],
              },
              "postcssPlugin": "postcss-logical-properties",
            },
            {
              "Rule": [Function],
              "postcssPlugin": "postcss-dir-pseudo-class",
            },
            {
              "Declaration": [Function],
              "postcssPlugin": "postcss-initial",
            },
            {
              "Declaration": [Function],
              "postcssPlugin": "postcss-color-functional-notation",
            },
            {
              "Declaration": [Function],
              "postcssPlugin": "postcss-double-position-gradients",
            },
            {
              "Declaration": [Function],
              "postcssPlugin": "postcss-color-hex-alpha",
            },
            {
              "Declaration": [Function],
              "postcssPlugin": "postcss-hwb-function",
            },
            {
              "Declaration": [Function],
              "postcssPlugin": "postcss-lab-function",
            },
            {
              "Declaration": [Function],
              "postcssPlugin": "postcss-color-rebeccapurple",
            },
            {
              "Rule": [Function],
              "postcssPlugin": "css-blank-pseudo",
            },
            {
              "Declaration": [Function],
              "postcssPlugin": "postcss-page-break",
            },
            {
              "Once": [Function],
              "postcssPlugin": "postcss-font-variant",
            },
            {
              "Rule": [Function],
              "postcssPlugin": "postcss-is-pseudo-class",
            },
            {
              "Rule": [Function],
              "postcssPlugin": "css-has-pseudo",
            },
            {
              "Declaration": [Function],
              "postcssPlugin": "postcss-gap-properties",
            },
            {
              "Declaration": [Function],
              "postcssPlugin": "postcss-overflow-shorthand",
            },
            {
              "Declaration": {
                "overflow-wrap": [Function],
              },
              "postcssPlugin": "postcss-replace-overflow-wrap",
            },
            {
              "Declaration": [Function],
              "postcssPlugin": "postcss-place",
            },
            {
              "Declaration": [Function],
              "postcssPlugin": "postcss-system-ui-font",
            },
            {
              "OnceExit": [Function],
              "postcssPlugin": "postcss-cascade-layers",
            },
            {
              "Declaration": [Function],
              "postcssPlugin": "postcss-stepped-value-functions",
            },
            {
              "Declaration": [Function],
              "postcssPlugin": "postcss-trigonometric-functions",
            },
            {
              "browsers": [
                "> 1%",
                "last 1 Android versions",
                "last 1 ChromeAndroid versions",
                "last 2 Chrome versions",
                "last 2 Firefox versions",
                "last 2 Safari versions",
                "last 2 iOS versions",
                "last 2 Edge versions",
                "last 2 Opera versions",
              ],
              "info": [Function],
              "options": {
                "overrideBrowserslist": [
                  "> 1%",
                  "last 1 Android versions",
                  "last 1 ChromeAndroid versions",
                  "last 2 Chrome versions",
                  "last 2 Firefox versions",
                  "last 2 Safari versions",
                  "last 2 iOS versions",
                  "last 2 Edge versions",
                  "last 2 Opera versions",
                ],
              },
              "postcssPlugin": "autoprefixer",
              "prepare": [Function],
            },
            {
              "RuleExit": [Function],
              "postcssPlugin": "postcss-progressive-custom-properties",
            },
            {
              "OnceExit": [Function],
              "postcssPlugin": "postcss-preset-env",
            },
          ],
          "postcssPlugin": "postcss-preset-env",
        },
        [Function],
        [Function],
        {
          "OnceExit": [Function],
          "postcssPlugin": "postcss-hash",
        },
        {
          "OnceExit": [Function],
          "postcssPlugin": "clean",
        },
      ],
    },
  },
  "toCSS": {
    "files": {},
    "options": {
      "map": true,
      "parser": {
        "parse": [Function],
        "stringify": [Function],
      },
      "processors": [
        {
          "Once": [Function],
          "postcssPlugin": "postcss-import",
        },
        [Function],
        [Function],
        {
          "plugins": [
            {
              "Declaration": [Function],
              "postcssPlugin": "postcss-clamp",
            },
            {
              "Declaration": [Function],
              "postcssPlugin": "postcss-color-function",
            },
            {
              "postcssPlugin": "postcss-normalize-display-values",
              "prepare": [Function],
            },
            {
              "AtRule": [Function],
              "postcssPlugin": "postcss-font-format-keywords",
            },
            {
              "Declaration": [Function],
              "postcssPlugin": "postcss-ic-unit",
            },
            {
              "Declaration": [Function],
              "postcssPlugin": "postcss-nested-calc",
            },
            {
              "Declaration": [Function],
              "postcssPlugin": "postcss-oklab-function",
            },
            {
              "Declaration": {
                "opacity": [Function],
              },
              "postcssPlugin": "postcss-opacity-percentage",
            },
            {
              "postcssPlugin": "postcss-text-decoration-shorthand",
              "prepare": [Function],
            },
            {
              "Declaration": [Function],
              "postcssPlugin": "postcss-unset-value",
            },
            {
              "AtRule": [Function],
              "Once": [Function],
              "postcssPlugin": "postcss-custom-media",
            },
            {
              "postcssPlugin": "postcss-custom-properties",
              "prepare": [Function],
            },
            {
              "Declaration": [Function],
              "postcssPlugin": "postcss-image-set-function",
            },
            {
              "AtRule": {
                "custom-media": [Function],
                "media": [Function],
              },
              "postcssPlugin": "postcss-media-minmax",
            },
            {
              "AtRule": [Function],
              "postcssPlugin": "postcss-prefers-color-scheme",
            },
            {
              "Rule": [Function],
              "postcssPlugin": "postcss-nesting",
            },
            {
              "Rule": [Function],
              "postcssPlugin": "postcss-pseudo-class-any-link",
            },
            {
              "Rule": [Function],
              "postcssPlugin": "postcss-attribute-case-insensitive",
            },
            {
              "Rule": [Function],
              "postcssPlugin": "postcss-focus-visible",
            },
            {
              "Rule": [Function],
              "postcssPlugin": "postcss-focus-within",
            },
            {
              "Rule": [Function],
              "postcssPlugin": "postcss-selector-not",
            },
            {
              "Declaration": {
                "block-size": [Function],
                "border-block": [Function],
                "border-block-color": [Function],
                "border-block-end": [Function],
                "border-block-end-color": [Function],
                "border-block-end-style": [Function],
                "border-block-end-width": [Function],
                "border-block-start": [Function],
                "border-block-start-color": [Function],
                "border-block-start-style": [Function],
                "border-block-start-width": [Function],
                "border-block-style": [Function],
                "border-block-width": [Function],
                "border-color": [Function],
                "border-end-end-radius": [Function],
                "border-end-start-radius": [Function],
                "border-inline": [Function],
                "border-inline-color": [Function],
                "border-inline-end": [Function],
                "border-inline-end-color": [Function],
                "border-inline-end-style": [Function],
                "border-inline-end-width": [Function],
                "border-inline-start": [Function],
                "border-inline-start-color": [Function],
                "border-inline-start-style": [Function],
                "border-inline-start-width": [Function],
                "border-inline-style": [Function],
                "border-inline-width": [Function],
                "border-start-end-radius": [Function],
                "border-start-start-radius": [Function],
                "border-style": [Function],
                "border-width": [Function],
                "clear": [Function],
                "float": [Function],
                "inline-size": [Function],
                "inset": [Function],
                "inset-block": [Function],
                "inset-block-end": [Function],
                "inset-block-start": [Function],
                "inset-inline": [Function],
                "inset-inline-end": [Function],
                "inset-inline-start": [Function],
                "margin": [Function],
                "margin-block": [Function],
                "margin-block-end": [Function],
                "margin-block-start": [Function],
                "margin-inline": [Function],
                "margin-inline-end": [Function],
                "margin-inline-start": [Function],
                "max-block-size": [Function],
                "max-inline-size": [Function],
                "min-block-size": [Function],
                "min-inline-size": [Function],
                "padding": [Function],
                "padding-block": [Function],
                "padding-block-end": [Function],
                "padding-block-start": [Function],
                "padding-inline": [Function],
                "padding-inline-end": [Function],
                "padding-inline-start": [Function],
                "resize": [Function],
                "text-align": [Function],
                "transition": [Function],
                "transition-property": [Function],
              },
              "postcssPlugin": "postcss-logical-properties",
            },
            {
              "Rule": [Function],
              "postcssPlugin": "postcss-dir-pseudo-class",
            },
            {
              "Declaration": [Function],
              "postcssPlugin": "postcss-initial",
            },
            {
              "Declaration": [Function],
              "postcssPlugin": "postcss-color-functional-notation",
            },
            {
              "Declaration": [Function],
              "postcssPlugin": "postcss-double-position-gradients",
            },
            {
              "Declaration": [Function],
              "postcssPlugin": "postcss-color-hex-alpha",
            },
            {
              "Declaration": [Function],
              "postcssPlugin": "postcss-hwb-function",
            },
            {
              "Declaration": [Function],
              "postcssPlugin": "postcss-lab-function",
            },
            {
              "Declaration": [Function],
              "postcssPlugin": "postcss-color-rebeccapurple",
            },
            {
              "Rule": [Function],
              "postcssPlugin": "css-blank-pseudo",
            },
            {
              "Declaration": [Function],
              "postcssPlugin": "postcss-page-break",
            },
            {
              "Once": [Function],
              "postcssPlugin": "postcss-font-variant",
            },
            {
              "Rule": [Function],
              "postcssPlugin": "postcss-is-pseudo-class",
            },
            {
              "Rule": [Function],
              "postcssPlugin": "css-has-pseudo",
            },
            {
              "Declaration": [Function],
              "postcssPlugin": "postcss-gap-properties",
            },
            {
              "Declaration": [Function],
              "postcssPlugin": "postcss-overflow-shorthand",
            },
            {
              "Declaration": {
                "overflow-wrap": [Function],
              },
              "postcssPlugin": "postcss-replace-overflow-wrap",
            },
            {
              "Declaration": [Function],
              "postcssPlugin": "postcss-place",
            },
            {
              "Declaration": [Function],
              "postcssPlugin": "postcss-system-ui-font",
            },
            {
              "OnceExit": [Function],
              "postcssPlugin": "postcss-cascade-layers",
            },
            {
              "Declaration": [Function],
              "postcssPlugin": "postcss-stepped-value-functions",
            },
            {
              "Declaration": [Function],
              "postcssPlugin": "postcss-trigonometric-functions",
            },
            {
              "browsers": [
                "> 1%",
                "last 1 Android versions",
                "last 1 ChromeAndroid versions",
                "last 2 Chrome versions",
                "last 2 Firefox versions",
                "last 2 Safari versions",
                "last 2 iOS versions",
                "last 2 Edge versions",
                "last 2 Opera versions",
              ],
              "info": [Function],
              "options": {
                "overrideBrowserslist": [
                  "> 1%",
                  "last 1 Android versions",
                  "last 1 ChromeAndroid versions",
                  "last 2 Chrome versions",
                  "last 2 Firefox versions",
                  "last 2 Safari versions",
                  "last 2 iOS versions",
                  "last 2 Edge versions",
                  "last 2 Opera versions",
                ],
              },
              "postcssPlugin": "autoprefixer",
              "prepare": [Function],
            },
            {
              "RuleExit": [Function],
              "postcssPlugin": "postcss-progressive-custom-properties",
            },
            {
              "OnceExit": [Function],
              "postcssPlugin": "postcss-preset-env",
            },
          ],
          "postcssPlugin": "postcss-preset-env",
        },
        [Function],
        [Function],
        {
          "OnceExit": [Function],
          "postcssPlugin": "postcss-hash",
        },
      ],
    },
  },
}
`;

exports[`postcss.js PostCSS config: production 1`] = `
{
  "min": {
    "files": {},
    "options": {
      "map": false,
      "parser": {
        "parse": [Function],
        "stringify": [Function],
      },
      "processors": [
        {
          "Once": [Function],
          "postcssPlugin": "postcss-import",
        },
        [Function],
        [Function],
        {
          "plugins": [
            {
              "Declaration": [Function],
              "postcssPlugin": "postcss-clamp",
            },
            {
              "Declaration": [Function],
              "postcssPlugin": "postcss-color-function",
            },
            {
              "postcssPlugin": "postcss-normalize-display-values",
              "prepare": [Function],
            },
            {
              "AtRule": [Function],
              "postcssPlugin": "postcss-font-format-keywords",
            },
            {
              "Declaration": [Function],
              "postcssPlugin": "postcss-ic-unit",
            },
            {
              "Declaration": [Function],
              "postcssPlugin": "postcss-nested-calc",
            },
            {
              "Declaration": [Function],
              "postcssPlugin": "postcss-oklab-function",
            },
            {
              "Declaration": {
                "opacity": [Function],
              },
              "postcssPlugin": "postcss-opacity-percentage",
            },
            {
              "postcssPlugin": "postcss-text-decoration-shorthand",
              "prepare": [Function],
            },
            {
              "Declaration": [Function],
              "postcssPlugin": "postcss-unset-value",
            },
            {
              "AtRule": [Function],
              "Once": [Function],
              "postcssPlugin": "postcss-custom-media",
            },
            {
              "postcssPlugin": "postcss-custom-properties",
              "prepare": [Function],
            },
            {
              "Declaration": [Function],
              "postcssPlugin": "postcss-image-set-function",
            },
            {
              "AtRule": {
                "custom-media": [Function],
                "media": [Function],
              },
              "postcssPlugin": "postcss-media-minmax",
            },
            {
              "AtRule": [Function],
              "postcssPlugin": "postcss-prefers-color-scheme",
            },
            {
              "Rule": [Function],
              "postcssPlugin": "postcss-nesting",
            },
            {
              "Rule": [Function],
              "postcssPlugin": "postcss-pseudo-class-any-link",
            },
            {
              "Rule": [Function],
              "postcssPlugin": "postcss-attribute-case-insensitive",
            },
            {
              "Rule": [Function],
              "postcssPlugin": "postcss-focus-visible",
            },
            {
              "Rule": [Function],
              "postcssPlugin": "postcss-focus-within",
            },
            {
              "Rule": [Function],
              "postcssPlugin": "postcss-selector-not",
            },
            {
              "Declaration": {
                "block-size": [Function],
                "border-block": [Function],
                "border-block-color": [Function],
                "border-block-end": [Function],
                "border-block-end-color": [Function],
                "border-block-end-style": [Function],
                "border-block-end-width": [Function],
                "border-block-start": [Function],
                "border-block-start-color": [Function],
                "border-block-start-style": [Function],
                "border-block-start-width": [Function],
                "border-block-style": [Function],
                "border-block-width": [Function],
                "border-color": [Function],
                "border-end-end-radius": [Function],
                "border-end-start-radius": [Function],
                "border-inline": [Function],
                "border-inline-color": [Function],
                "border-inline-end": [Function],
                "border-inline-end-color": [Function],
                "border-inline-end-style": [Function],
                "border-inline-end-width": [Function],
                "border-inline-start": [Function],
                "border-inline-start-color": [Function],
                "border-inline-start-style": [Function],
                "border-inline-start-width": [Function],
                "border-inline-style": [Function],
                "border-inline-width": [Function],
                "border-start-end-radius": [Function],
                "border-start-start-radius": [Function],
                "border-style": [Function],
                "border-width": [Function],
                "clear": [Function],
                "float": [Function],
                "inline-size": [Function],
                "inset": [Function],
                "inset-block": [Function],
                "inset-block-end": [Function],
                "inset-block-start": [Function],
                "inset-inline": [Function],
                "inset-inline-end": [Function],
                "inset-inline-start": [Function],
                "margin": [Function],
                "margin-block": [Function],
                "margin-block-end": [Function],
                "margin-block-start": [Function],
                "margin-inline": [Function],
                "margin-inline-end": [Function],
                "margin-inline-start": [Function],
                "max-block-size": [Function],
                "max-inline-size": [Function],
                "min-block-size": [Function],
                "min-inline-size": [Function],
                "padding": [Function],
                "padding-block": [Function],
                "padding-block-end": [Function],
                "padding-block-start": [Function],
                "padding-inline": [Function],
                "padding-inline-end": [Function],
                "padding-inline-start": [Function],
                "resize": [Function],
                "text-align": [Function],
                "transition": [Function],
                "transition-property": [Function],
              },
              "postcssPlugin": "postcss-logical-properties",
            },
            {
              "Rule": [Function],
              "postcssPlugin": "postcss-dir-pseudo-class",
            },
            {
              "Declaration": [Function],
              "postcssPlugin": "postcss-initial",
            },
            {
              "Declaration": [Function],
              "postcssPlugin": "postcss-color-functional-notation",
            },
            {
              "Declaration": [Function],
              "postcssPlugin": "postcss-double-position-gradients",
            },
            {
              "Declaration": [Function],
              "postcssPlugin": "postcss-color-hex-alpha",
            },
            {
              "Declaration": [Function],
              "postcssPlugin": "postcss-hwb-function",
            },
            {
              "Declaration": [Function],
              "postcssPlugin": "postcss-lab-function",
            },
            {
              "Declaration": [Function],
              "postcssPlugin": "postcss-color-rebeccapurple",
            },
            {
              "Rule": [Function],
              "postcssPlugin": "css-blank-pseudo",
            },
            {
              "Declaration": [Function],
              "postcssPlugin": "postcss-page-break",
            },
            {
              "Once": [Function],
              "postcssPlugin": "postcss-font-variant",
            },
            {
              "Rule": [Function],
              "postcssPlugin": "postcss-is-pseudo-class",
            },
            {
              "Rule": [Function],
              "postcssPlugin": "css-has-pseudo",
            },
            {
              "Declaration": [Function],
              "postcssPlugin": "postcss-gap-properties",
            },
            {
              "Declaration": [Function],
              "postcssPlugin": "postcss-overflow-shorthand",
            },
            {
              "Declaration": {
                "overflow-wrap": [Function],
              },
              "postcssPlugin": "postcss-replace-overflow-wrap",
            },
            {
              "Declaration": [Function],
              "postcssPlugin": "postcss-place",
            },
            {
              "Declaration": [Function],
              "postcssPlugin": "postcss-system-ui-font",
            },
            {
              "OnceExit": [Function],
              "postcssPlugin": "postcss-cascade-layers",
            },
            {
              "Declaration": [Function],
              "postcssPlugin": "postcss-stepped-value-functions",
            },
            {
              "Declaration": [Function],
              "postcssPlugin": "postcss-trigonometric-functions",
            },
            {
              "browsers": [
                "> 1%",
                "last 1 Android versions",
                "last 1 ChromeAndroid versions",
                "last 2 Chrome versions",
                "last 2 Firefox versions",
                "last 2 Safari versions",
                "last 2 iOS versions",
                "last 2 Edge versions",
                "last 2 Opera versions",
              ],
              "info": [Function],
              "options": {
                "overrideBrowserslist": [
                  "> 1%",
                  "last 1 Android versions",
                  "last 1 ChromeAndroid versions",
                  "last 2 Chrome versions",
                  "last 2 Firefox versions",
                  "last 2 Safari versions",
                  "last 2 iOS versions",
                  "last 2 Edge versions",
                  "last 2 Opera versions",
                ],
              },
              "postcssPlugin": "autoprefixer",
              "prepare": [Function],
            },
            {
              "RuleExit": [Function],
              "postcssPlugin": "postcss-progressive-custom-properties",
            },
            {
              "OnceExit": [Function],
              "postcssPlugin": "postcss-preset-env",
            },
          ],
          "postcssPlugin": "postcss-preset-env",
        },
        [Function],
        [Function],
        {
          "OnceExit": [Function],
          "postcssPlugin": "postcss-hash",
        },
        {
          "OnceExit": [Function],
          "postcssPlugin": "clean",
        },
      ],
    },
  },
  "toCSS": {
    "files": {},
    "options": {
      "map": true,
      "parser": {
        "parse": [Function],
        "stringify": [Function],
      },
      "processors": [
        {
          "Once": [Function],
          "postcssPlugin": "postcss-import",
        },
        [Function],
        [Function],
        {
          "plugins": [
            {
              "Declaration": [Function],
              "postcssPlugin": "postcss-clamp",
            },
            {
              "Declaration": [Function],
              "postcssPlugin": "postcss-color-function",
            },
            {
              "postcssPlugin": "postcss-normalize-display-values",
              "prepare": [Function],
            },
            {
              "AtRule": [Function],
              "postcssPlugin": "postcss-font-format-keywords",
            },
            {
              "Declaration": [Function],
              "postcssPlugin": "postcss-ic-unit",
            },
            {
              "Declaration": [Function],
              "postcssPlugin": "postcss-nested-calc",
            },
            {
              "Declaration": [Function],
              "postcssPlugin": "postcss-oklab-function",
            },
            {
              "Declaration": {
                "opacity": [Function],
              },
              "postcssPlugin": "postcss-opacity-percentage",
            },
            {
              "postcssPlugin": "postcss-text-decoration-shorthand",
              "prepare": [Function],
            },
            {
              "Declaration": [Function],
              "postcssPlugin": "postcss-unset-value",
            },
            {
              "AtRule": [Function],
              "Once": [Function],
              "postcssPlugin": "postcss-custom-media",
            },
            {
              "postcssPlugin": "postcss-custom-properties",
              "prepare": [Function],
            },
            {
              "Declaration": [Function],
              "postcssPlugin": "postcss-image-set-function",
            },
            {
              "AtRule": {
                "custom-media": [Function],
                "media": [Function],
              },
              "postcssPlugin": "postcss-media-minmax",
            },
            {
              "AtRule": [Function],
              "postcssPlugin": "postcss-prefers-color-scheme",
            },
            {
              "Rule": [Function],
              "postcssPlugin": "postcss-nesting",
            },
            {
              "Rule": [Function],
              "postcssPlugin": "postcss-pseudo-class-any-link",
            },
            {
              "Rule": [Function],
              "postcssPlugin": "postcss-attribute-case-insensitive",
            },
            {
              "Rule": [Function],
              "postcssPlugin": "postcss-focus-visible",
            },
            {
              "Rule": [Function],
              "postcssPlugin": "postcss-focus-within",
            },
            {
              "Rule": [Function],
              "postcssPlugin": "postcss-selector-not",
            },
            {
              "Declaration": {
                "block-size": [Function],
                "border-block": [Function],
                "border-block-color": [Function],
                "border-block-end": [Function],
                "border-block-end-color": [Function],
                "border-block-end-style": [Function],
                "border-block-end-width": [Function],
                "border-block-start": [Function],
                "border-block-start-color": [Function],
                "border-block-start-style": [Function],
                "border-block-start-width": [Function],
                "border-block-style": [Function],
                "border-block-width": [Function],
                "border-color": [Function],
                "border-end-end-radius": [Function],
                "border-end-start-radius": [Function],
                "border-inline": [Function],
                "border-inline-color": [Function],
                "border-inline-end": [Function],
                "border-inline-end-color": [Function],
                "border-inline-end-style": [Function],
                "border-inline-end-width": [Function],
                "border-inline-start": [Function],
                "border-inline-start-color": [Function],
                "border-inline-start-style": [Function],
                "border-inline-start-width": [Function],
                "border-inline-style": [Function],
                "border-inline-width": [Function],
                "border-start-end-radius": [Function],
                "border-start-start-radius": [Function],
                "border-style": [Function],
                "border-width": [Function],
                "clear": [Function],
                "float": [Function],
                "inline-size": [Function],
                "inset": [Function],
                "inset-block": [Function],
                "inset-block-end": [Function],
                "inset-block-start": [Function],
                "inset-inline": [Function],
                "inset-inline-end": [Function],
                "inset-inline-start": [Function],
                "margin": [Function],
                "margin-block": [Function],
                "margin-block-end": [Function],
                "margin-block-start": [Function],
                "margin-inline": [Function],
                "margin-inline-end": [Function],
                "margin-inline-start": [Function],
                "max-block-size": [Function],
                "max-inline-size": [Function],
                "min-block-size": [Function],
                "min-inline-size": [Function],
                "padding": [Function],
                "padding-block": [Function],
                "padding-block-end": [Function],
                "padding-block-start": [Function],
                "padding-inline": [Function],
                "padding-inline-end": [Function],
                "padding-inline-start": [Function],
                "resize": [Function],
                "text-align": [Function],
                "transition": [Function],
                "transition-property": [Function],
              },
              "postcssPlugin": "postcss-logical-properties",
            },
            {
              "Rule": [Function],
              "postcssPlugin": "postcss-dir-pseudo-class",
            },
            {
              "Declaration": [Function],
              "postcssPlugin": "postcss-initial",
            },
            {
              "Declaration": [Function],
              "postcssPlugin": "postcss-color-functional-notation",
            },
            {
              "Declaration": [Function],
              "postcssPlugin": "postcss-double-position-gradients",
            },
            {
              "Declaration": [Function],
              "postcssPlugin": "postcss-color-hex-alpha",
            },
            {
              "Declaration": [Function],
              "postcssPlugin": "postcss-hwb-function",
            },
            {
              "Declaration": [Function],
              "postcssPlugin": "postcss-lab-function",
            },
            {
              "Declaration": [Function],
              "postcssPlugin": "postcss-color-rebeccapurple",
            },
            {
              "Rule": [Function],
              "postcssPlugin": "css-blank-pseudo",
            },
            {
              "Declaration": [Function],
              "postcssPlugin": "postcss-page-break",
            },
            {
              "Once": [Function],
              "postcssPlugin": "postcss-font-variant",
            },
            {
              "Rule": [Function],
              "postcssPlugin": "postcss-is-pseudo-class",
            },
            {
              "Rule": [Function],
              "postcssPlugin": "css-has-pseudo",
            },
            {
              "Declaration": [Function],
              "postcssPlugin": "postcss-gap-properties",
            },
            {
              "Declaration": [Function],
              "postcssPlugin": "postcss-overflow-shorthand",
            },
            {
              "Declaration": {
                "overflow-wrap": [Function],
              },
              "postcssPlugin": "postcss-replace-overflow-wrap",
            },
            {
              "Declaration": [Function],
              "postcssPlugin": "postcss-place",
            },
            {
              "Declaration": [Function],
              "postcssPlugin": "postcss-system-ui-font",
            },
            {
              "OnceExit": [Function],
              "postcssPlugin": "postcss-cascade-layers",
            },
            {
              "Declaration": [Function],
              "postcssPlugin": "postcss-stepped-value-functions",
            },
            {
              "Declaration": [Function],
              "postcssPlugin": "postcss-trigonometric-functions",
            },
            {
              "browsers": [
                "> 1%",
                "last 1 Android versions",
                "last 1 ChromeAndroid versions",
                "last 2 Chrome versions",
                "last 2 Firefox versions",
                "last 2 Safari versions",
                "last 2 iOS versions",
                "last 2 Edge versions",
                "last 2 Opera versions",
              ],
              "info": [Function],
              "options": {
                "overrideBrowserslist": [
                  "> 1%",
                  "last 1 Android versions",
                  "last 1 ChromeAndroid versions",
                  "last 2 Chrome versions",
                  "last 2 Firefox versions",
                  "last 2 Safari versions",
                  "last 2 iOS versions",
                  "last 2 Edge versions",
                  "last 2 Opera versions",
                ],
              },
              "postcssPlugin": "autoprefixer",
              "prepare": [Function],
            },
            {
              "RuleExit": [Function],
              "postcssPlugin": "postcss-progressive-custom-properties",
            },
            {
              "OnceExit": [Function],
              "postcssPlugin": "postcss-preset-env",
            },
          ],
          "postcssPlugin": "postcss-preset-env",
        },
        [Function],
        [Function],
        {
          "OnceExit": [Function],
          "postcssPlugin": "postcss-hash",
        },
      ],
    },
  },
}
`;
